\BOOKMARK [1][]{Doc-Start}{\376\377\000A\000b\000s\000t\000r\000a\000c\000t}{}% 1
\BOOKMARK [1][]{section*.1}{\376\377\000A\000c\000k\000n\000o\000w\000l\000e\000d\000g\000e\000m\000e\000n\000t}{}% 2
\BOOKMARK [1][]{section*.2}{\376\377\000D\000e\000c\000l\000a\000r\000a\000t\000i\000o\000n}{}% 3
\BOOKMARK [1][]{section*.4}{\376\377\000L\000i\000s\000t\000\040\000o\000f\000\040\000F\000i\000g\000u\000r\000e\000s}{}% 4
\BOOKMARK [1][]{section*.5}{\376\377\000L\000i\000s\000t\000\040\000o\000f\000\040\000T\000a\000b\000l\000e\000s}{}% 5
\BOOKMARK [1][]{section*.6}{\376\377\000L\000i\000s\000t\000\040\000o\000f\000\040\000A\000b\000b\000r\000e\000v\000i\000a\000t\000i\000o\000n\000s}{}% 6
\BOOKMARK [1][]{section.7}{\376\377\0001\000\040\000I\000n\000t\000r\000o\000d\000u\000c\000t\000i\000o\000n}{}% 7
\BOOKMARK [2][]{subsection.8}{\376\377\0001\000.\0001\000\040\000O\000v\000e\000r\000v\000i\000e\000w}{section.7}% 8
\BOOKMARK [2][]{subsection.14}{\376\377\0001\000.\0002\000\040\000B\000a\000c\000k\000g\000r\000o\000u\000n\000d}{section.7}% 9
\BOOKMARK [3][]{subsubsection.15}{\376\377\0001\000.\0002\000.\0001\000\040\0006\000G\000\040\000a\000n\000d\000\040\000M\000o\000b\000i\000l\000e\000\040\000E\000d\000g\000e\000\040\000C\000o\000m\000p\000u\000t\000i\000n\000g}{subsection.14}% 10
\BOOKMARK [3][]{subsubsection.16}{\376\377\0001\000.\0002\000.\0002\000\040\000T\000r\000a\000d\000i\000t\000i\000o\000n\000a\000l\000\040\000T\000a\000s\000k\000\040\000O\000f\000f\000l\000o\000a\000d\000i\000n\000g\000\040\000M\000e\000t\000h\000o\000d\000s}{subsection.14}% 11
\BOOKMARK [3][]{subsubsection.17}{\376\377\0001\000.\0002\000.\0003\000\040\000W\000h\000y\000\040\000M\000u\000l\000t\000i\000-\000A\000g\000e\000n\000t\000\040\000R\000e\000i\000n\000f\000o\000r\000c\000e\000m\000e\000n\000t\000\040\000L\000e\000a\000r\000n\000i\000n\000g}{subsection.14}% 12
\BOOKMARK [2][]{subsection.18}{\376\377\0001\000.\0003\000\040\000R\000e\000l\000a\000t\000e\000d\000\040\000W\000o\000r\000k}{section.7}% 13
\BOOKMARK [2][]{subsection.20}{\376\377\0001\000.\0004\000\040\000R\000e\000p\000o\000r\000t\000\040\000O\000r\000g\000a\000n\000i\000z\000a\000t\000i\000o\000n}{section.7}% 14
\BOOKMARK [1][]{section.21}{\376\377\0002\000\040\000S\000i\000m\000u\000l\000a\000t\000i\000o\000n\000\040\000E\000n\000v\000i\000r\000o\000n\000m\000e\000n\000t}{}% 15
\BOOKMARK [2][]{subsection.22}{\376\377\0002\000.\0001\000\040\000O\000p\000e\000n\000-\000S\000o\000u\000r\000c\000e\000\040\000F\000o\000u\000n\000d\000a\000t\000i\000o\000n}{section.21}% 16
\BOOKMARK [2][]{subsection.23}{\376\377\0002\000.\0002\000\040\000R\000e\000l\000a\000t\000i\000o\000n\000\040\000t\000o\000\040\000P\000r\000i\000o\000r\000\040\000P\000u\000r\000e\000E\000d\000g\000e\000S\000i\000m\000-\000B\000a\000s\000e\000d\000\040\000R\000L\000\040\000S\000y\000s\000t\000e\000m\000s}{section.21}% 17
\BOOKMARK [2][]{subsection.31}{\376\377\0002\000.\0003\000\040\000I\000n\000s\000t\000a\000n\000t\000i\000a\000t\000e\000d\000\040\000E\000x\000p\000e\000r\000i\000m\000e\000n\000t\000a\000l\000\040\000E\000n\000v\000i\000r\000o\000n\000m\000e\000n\000t}{section.21}% 18
\BOOKMARK [2][]{subsection.33}{\376\377\0002\000.\0004\000\040\000E\000v\000e\000n\000t\000-\000D\000r\000i\000v\000e\000n\000\040\000T\000a\000s\000k\000\040\000L\000i\000f\000e\000c\000y\000c\000l\000e}{section.21}% 19
\BOOKMARK [2][]{subsection.35}{\376\377\0002\000.\0005\000\040\000J\000a\000v\000a\000-\000P\000y\000t\000h\000o\000n\000\040\000C\000o\000-\000S\000i\000m\000u\000l\000a\000t\000i\000o\000n\000\040\000A\000r\000c\000h\000i\000t\000e\000c\000t\000u\000r\000e}{section.21}% 20
\BOOKMARK [3][]{subsubsection.36}{\376\377\0002\000.\0005\000.\0001\000\040\000T\000r\000a\000i\000n\000i\000n\000g\000\040\000M\000o\000d\000e}{subsection.35}% 21
\BOOKMARK [3][]{subsubsection.37}{\376\377\0002\000.\0005\000.\0002\000\040\000O\000f\000f\000l\000i\000n\000e\000\040\000I\000n\000f\000e\000r\000e\000n\000c\000e\000\040\000M\000o\000d\000e}{subsection.35}% 22
\BOOKMARK [2][]{subsection.39}{\376\377\0002\000.\0006\000\040\000E\000v\000a\000l\000u\000a\000t\000e\000d\000\040\000S\000c\000h\000e\000d\000u\000l\000i\000n\000g\000\040\000A\000l\000g\000o\000r\000i\000t\000h\000m\000s}{section.21}% 23
\BOOKMARK [1][]{section.41}{\376\377\0003\000\040\000S\000y\000s\000t\000e\000m\000\040\000M\000o\000d\000e\000l\000\040\000a\000n\000d\000\040\000P\000r\000o\000b\000l\000e\000m\000\040\000F\000o\000r\000m\000u\000l\000a\000t\000i\000o\000n}{}% 24
\BOOKMARK [2][]{subsection.42}{\376\377\0003\000.\0001\000\040\000N\000e\000t\000w\000o\000r\000k\000\040\000A\000r\000c\000h\000i\000t\000e\000c\000t\000u\000r\000e}{section.41}% 25
\BOOKMARK [2][]{subsection.46}{\376\377\0003\000.\0002\000\040\000T\000a\000s\000k\000\040\000M\000o\000d\000e\000l}{section.41}% 26
\BOOKMARK [2][]{subsection.48}{\376\377\0003\000.\0003\000\040\000C\000o\000m\000m\000u\000n\000i\000c\000a\000t\000i\000o\000n\000\040\000M\000o\000d\000e\000l}{section.41}% 27
\BOOKMARK [2][]{subsection.50}{\376\377\0003\000.\0004\000\040\000C\000o\000m\000p\000u\000t\000a\000t\000i\000o\000n\000\040\000M\000o\000d\000e\000l}{section.41}% 28
\BOOKMARK [2][]{subsection.52}{\376\377\0003\000.\0005\000\040\000E\000n\000e\000r\000g\000y\000\040\000M\000o\000d\000e\000l}{section.41}% 29
\BOOKMARK [2][]{subsection.54}{\376\377\0003\000.\0006\000\040\000P\000r\000o\000b\000l\000e\000m\000\040\000F\000o\000r\000m\000u\000l\000a\000t\000i\000o\000n}{section.41}% 30
\BOOKMARK [1][]{section.57}{\376\377\0004\000\040\000M\000e\000t\000h\000o\000d\000o\000l\000o\000g\000y}{}% 31
\BOOKMARK [2][]{subsection.58}{\376\377\0004\000.\0001\000\040\000M\000A\000P\000P\000O\000\040\000F\000r\000a\000m\000e\000w\000o\000r\000k\000\040\000O\000v\000e\000r\000v\000i\000e\000w}{section.57}% 32
\BOOKMARK [2][]{subsection.60}{\376\377\0004\000.\0002\000\040\000O\000b\000s\000e\000r\000v\000a\000t\000i\000o\000n\000\040\000a\000n\000d\000\040\000S\000t\000a\000t\000e\000\040\000D\000e\000s\000i\000g\000n}{section.57}% 33
\BOOKMARK [2][]{subsection.66}{\376\377\0004\000.\0003\000\040\000A\000c\000t\000i\000o\000n\000\040\000S\000p\000a\000c\000e\000\040\000D\000e\000s\000i\000g\000n}{section.57}% 34
\BOOKMARK [2][]{subsection.69}{\376\377\0004\000.\0004\000\040\000N\000e\000t\000w\000o\000r\000k\000\040\000A\000r\000c\000h\000i\000t\000e\000c\000t\000u\000r\000e}{section.57}% 35
\BOOKMARK [3][]{subsubsection.70}{\376\377\0004\000.\0004\000.\0001\000\040\000T\000u\000r\000n\000A\000c\000t\000o\000r\000\040\000\050\000M\000A\000P\000P\000O\000\040\000A\000c\000t\000o\000r\000\051}{subsection.69}% 36
\BOOKMARK [3][]{subsubsection.77}{\376\377\0004\000.\0004\000.\0002\000\040\000C\000e\000n\000t\000r\000a\000l\000C\000r\000i\000t\000i\000c}{subsection.69}% 37
\BOOKMARK [3][]{subsubsection.79}{\376\377\0004\000.\0004\000.\0003\000\040\000P\000P\000O\000\040\000B\000a\000s\000e\000l\000i\000n\000e\000\040\000A\000c\000t\000o\000r}{subsection.69}% 38
\BOOKMARK [2][]{subsection.80}{\376\377\0004\000.\0005\000\040\000R\000e\000w\000a\000r\000d\000\040\000F\000u\000n\000c\000t\000i\000o\000n\000\040\000D\000e\000s\000i\000g\000n}{section.57}% 39
\BOOKMARK [2][]{subsection.86}{\376\377\0004\000.\0006\000\040\000T\000r\000a\000i\000n\000i\000n\000g\000\040\000A\000l\000g\000o\000r\000i\000t\000h\000m}{section.57}% 40
\BOOKMARK [1][]{section.97}{\376\377\0005\000\040\000E\000x\000p\000e\000r\000i\000m\000e\000n\000t\000\040\000R\000e\000s\000u\000l\000t\000s}{}% 41
\BOOKMARK [2][]{subsection.98}{\376\377\0005\000.\0001\000\040\000M\000A\000P\000P\000O\000\040\000u\000n\000d\000e\000r\000\040\000t\000h\000e\000\040\000S\000t\000a\000n\000d\000a\000r\000d\000\040\0004\0000\000-\000E\000p\000i\000s\000o\000d\000e\000,\000\040\0003\0000\000-\000M\000i\000n\000u\000t\000e\000\040\000S\000e\000t\000t\000i\000n\000g}{section.97}% 42
\BOOKMARK [2][]{subsection.122}{\376\377\0005\000.\0002\000\040\000P\000e\000r\000f\000o\000r\000m\000a\000n\000c\000e\000\040\000o\000f\000\040\000M\000A\000P\000P\000O\000\040\000u\000n\000d\000e\000r\000\040\000D\000i\000f\000f\000e\000r\000e\000n\000t\000\040\000N\000u\000m\000b\000e\000r\000s\000\040\000o\000f\000\040\000D\000e\000v\000i\000c\000e\000s}{section.97}% 43
\BOOKMARK [2][]{subsection.137}{\376\377\0005\000.\0003\000\040\000A\000b\000l\000a\000t\000i\000o\000n\000\040\000S\000t\000u\000d\000y\000\040\000o\000f\000\040\000M\000A\000P\000P\000O}{section.97}% 44
\BOOKMARK [2][]{subsection.164}{\376\377\0005\000.\0004\000\040\000C\000o\000m\000p\000a\000r\000i\000s\000o\000n\000\040\000b\000e\000t\000w\000e\000e\000n\000\040\000R\000e\000i\000n\000f\000o\000r\000c\000e\000m\000e\000n\000t\000\040\000L\000e\000a\000r\000n\000i\000n\000g\000\040\000a\000n\000d\000\040\000B\000a\000s\000e\000l\000i\000n\000e\000\040\000A\000l\000g\000o\000r\000i\000t\000h\000m\000s}{section.97}% 45
\BOOKMARK [2][]{subsection.190}{\376\377\0005\000.\0005\000\040\000A\000n\000a\000l\000y\000s\000i\000s\000\040\000o\000f\000\040\000P\000P\000O}{section.97}% 46
\BOOKMARK [1][]{section.197}{\376\377\0006\000\040\000C\000o\000n\000c\000l\000u\000s\000i\000o\000n}{}% 47
\BOOKMARK [2][]{subsection.198}{\376\377\0006\000.\0001\000\040\000S\000u\000m\000m\000a\000r\000y}{section.197}% 48
\BOOKMARK [2][]{subsection.199}{\376\377\0006\000.\0002\000\040\000L\000i\000m\000i\000t\000a\000t\000i\000o\000n\000s}{section.197}% 49
\BOOKMARK [2][]{subsection.200}{\376\377\0006\000.\0003\000\040\000F\000u\000t\000u\000r\000e\000\040\000W\000o\000r\000k}{section.197}% 50
\BOOKMARK [1][]{subsection.200}{\376\377\000R\000e\000f\000e\000r\000e\000n\000c\000e\000s}{}% 51
\BOOKMARK [1][]{appendix.202}{\376\377\000A\000\040\000S\000u\000p\000p\000l\000e\000m\000e\000n\000t\000a\000r\000y\000\040\000M\000a\000t\000e\000r\000i\000a\000l\000s}{}% 52
\BOOKMARK [2][]{subsection.203}{\376\377\000A\000.\0001\000\040\000T\000C\000P\000\040\000J\000S\000O\000N\000\040\000M\000e\000s\000s\000a\000g\000e\000\040\000P\000r\000o\000t\000o\000c\000o\000l}{appendix.202}% 53
\BOOKMARK [2][]{subsection.205}{\376\377\000A\000.\0002\000\040\000H\000y\000p\000e\000r\000p\000a\000r\000a\000m\000e\000t\000e\000r\000\040\000N\000o\000t\000e\000s}{appendix.202}% 54
\BOOKMARK [2][]{subsection.206}{\376\377\000A\000.\0003\000\040\000R\000e\000p\000r\000o\000d\000u\000c\000i\000b\000i\000l\000i\000t\000y\000\040\000N\000o\000t\000e\000s}{appendix.202}% 55
